

==================================================================================
=== CALIBRE::ERC-H SUMMARY REPORT
===
Execution Date/Time:          Tue May 19 18:04:18 2026
Calibre Version:              v2016.2_18.12    Fri May 6 16:05:49 PDT 2016
Rule File Pathname:           /home/user1/Desktop/ic/_SMIC_CalLVS_018MSE_1833_V1.11_0.lvs_
Rule File Title:              
Layout System:                GDSII
Layout Path(s):               bandgap_reference_19.calibre.db
Layout Primary Cell:          bandgap_reference_19
Current Directory:            /home/user1/Desktop/ic
User Name:                    user1
Maximum Results/ERC Check:    100
Maximum ERC Result Vertices:  4096
ERC Results Database:         bandgap_reference_19.erc.results (ASCII)
ERC PATHCHK Results Database: svdb/bandgap_reference_19.pathchk.erc
ERC PATHCHK Report:           svdb/bandgap_reference_19.pathchk.rep
Layout Depth:                 ALL
Text Depth:                   PRIMARY
Summary Report File:          bandgap_reference_19.erc.summary (REPLACE)
Geometry Flagging:            ACUTE = NO  SKEW = YES  ANGLED = NO  OFFGRID = YES
                              NONSIMPLE POLYGON = NO  NONSIMPLE PATH = NO
Excluded Cells:              
CheckText Mapping:            COMMENT TEXT + RULE FILE INFORMATION
Layers:                       MEMORY-BASED
Keep Empty Checks:            YES
----------------------------------------------------------------------------------
--- RUNTIME WARNINGS
---
There is no data for layout net name SAVDD?.
There is no data for layout net name ?VCC?.
There is no data for layout net name VSS.
There is no data for layout net name SAVSS?.
There is no data for layout net name ?VSS?.
There is no data for layout net name VSS.
There is no data for layout net name SAVSS?.
There is no data for layout net name ?VSS?.
There is no data for layout net name VSS.
There is no data for layout net name SAVSS?.
There is no data for layout net name ?VSS?.
There is no data for layout net name VSS.
There is no data for layout net name SAVSS?.
There is no data for layout net name ?VSS?.
There is no data for layout net name SAVDD?.
There is no data for layout net name ?VCC?.
There is no data for layout net name VSS.
There is no data for layout net name SAVSS?.
There is no data for layout net name ?VSS?.
There is no data for layout net name SAVDD?.
There is no data for layout net name ?VCC?.
There is no data for layout net name SAVDD?.
There is no data for layout net name ?VCC?.
----------------------------------------------------------------------------------
--- ORIGINAL LAYER STATISTICS
---
LAYER OPCBM ..... TOTAL Original Geometry Count = 0    (0)
LAYER OPCBP ..... TOTAL Original Geometry Count = 0    (0)
LAYER OPCBA ..... TOTAL Original Geometry Count = 0    (0)
LAYER SUBD ...... TOTAL Original Geometry Count = 0    (0)
LAYER NW ........ TOTAL Original Geometry Count = 36   (72)
LAYER DNW ....... TOTAL Original Geometry Count = 0    (0)
LAYER ESD5V ..... TOTAL Original Geometry Count = 0    (0)
LAYER ESDIO2 .... TOTAL Original Geometry Count = 0    (0)
LAYER FUSEMK1 ... TOTAL Original Geometry Count = 0    (0)
LAYER EFUSE ..... TOTAL Original Geometry Count = 0    (0)
LAYER GTFUSE .... TOTAL Original Geometry Count = 0    (0)
LAYER FUSE ...... TOTAL Original Geometry Count = 0    (0)
LAYER INDMY ..... TOTAL Original Geometry Count = 0    (0)
LAYER INST ...... TOTAL Original Geometry Count = 0    (0)
LAYER DSTR ...... TOTAL Original Geometry Count = 0    (0)
LAYER DMPNP ..... TOTAL Original Geometry Count = 1    (13)
LAYER VARMOS .... TOTAL Original Geometry Count = 0    (0)
LAYER HRPDMY .... TOTAL Original Geometry Count = 6    (6)
LAYER RESAA ..... TOTAL Original Geometry Count = 0    (0)
LAYER RESP1 ..... TOTAL Original Geometry Count = 0    (0)
LAYER SAB ....... TOTAL Original Geometry Count = 6    (6)
LAYER ESD1 ...... TOTAL Original Geometry Count = 0    (0)
LAYER HRP ....... TOTAL Original Geometry Count = 6    (6)
LAYER SP ........ TOTAL Original Geometry Count = 39   (87)
LAYER GT ........ TOTAL Original Geometry Count = 289  (475)
LAYER MVP ....... TOTAL Original Geometry Count = 0    (0)
LAYER MVN ....... TOTAL Original Geometry Count = 0    (0)
LAYER PSUB ...... TOTAL Original Geometry Count = 0    (0)
LAYER AA ........ TOTAL Original Geometry Count = 118  (244)
LAYER RESCKT .... TOTAL Original Geometry Count = 0    (0)
LAYER RESNW ..... TOTAL Original Geometry Count = 0    (0)
LAYER SN ........ TOTAL Original Geometry Count = 23   (41)
LAYER RFDEV ..... TOTAL Original Geometry Count = 0    (0)
LAYER RESP3T .... TOTAL Original Geometry Count = 0    (0)
LAYER MIMDMY .... TOTAL Original Geometry Count = 0    (0)
LAYER MIM ....... TOTAL Original Geometry Count = 0    (0)
LAYER MOMDMY .... TOTAL Original Geometry Count = 0    (0)
LAYER DG ........ TOTAL Original Geometry Count = 34   (76)
LAYER CT ........ TOTAL Original Geometry Count = 3904 (6345)
LAYER M1R ....... TOTAL Original Geometry Count = 0    (0)
LAYER M1 ........ TOTAL Original Geometry Count = 442  (570)
LAYER M2R ....... TOTAL Original Geometry Count = 0    (0)
LAYER M2 ........ TOTAL Original Geometry Count = 241  (241)
LAYER M3R ....... TOTAL Original Geometry Count = 0    (0)
LAYER M3 ........ TOTAL Original Geometry Count = 35   (35)
LAYER M4R ....... TOTAL Original Geometry Count = 0    (0)
LAYER M4 ........ TOTAL Original Geometry Count = 7    (7)
LAYER M5R ....... TOTAL Original Geometry Count = 0    (0)
LAYER M5 ........ TOTAL Original Geometry Count = 0    (0)
LAYER M6R ....... TOTAL Original Geometry Count = 0    (0)
LAYER M6 ........ TOTAL Original Geometry Count = 0    (0)
LAYER CAPBP ..... TOTAL Original Geometry Count = 0    (0)
LAYER V5 ........ TOTAL Original Geometry Count = 0    (0)
LAYER MIMCKT .... TOTAL Original Geometry Count = 0    (0)
LAYER V4 ........ TOTAL Original Geometry Count = 0    (0)
LAYER V3 ........ TOTAL Original Geometry Count = 7    (7)
LAYER V2 ........ TOTAL Original Geometry Count = 57   (57)
LAYER V1 ........ TOTAL Original Geometry Count = 391  (391)
LAYER DNWTR ..... TOTAL Original Geometry Count = 0    (0)
LAYER MOSCKT .... TOTAL Original Geometry Count = 0    (0)
LAYER iNC ....... TOTAL Original Geometry Count = 0    (0)
LAYER iPC ....... TOTAL Original Geometry Count = 0    (0)
LAYER NFDMK ..... TOTAL Original Geometry Count = 0    (0)
----------------------------------------------------------------------------------
--- RULECHECK RESULTS STATISTICS
---
RULECHECK pathchk_bad ................... TOTAL Result Count = 0  (0)
RULECHECK ptd_to_power .................. TOTAL Result Count = 0  (0)
RULECHECK ntd_to_ground ................. TOTAL Result Count = 2  (14)
RULECHECK mntopg ........................ TOTAL Result Count = 0  (0)
RULECHECK mptopg ........................ TOTAL Result Count = 0  (0)
RULECHECK ptap_outside_dnw_non_ground ... TOTAL Result Count = 2  (2)
RULECHECK nwell_floating ................ NOT EXECUTED
RULECHECK nwell_not_to_power ............ TOTAL Result Count = 6  (10)
RULECHECK pwell_not_to_ground ........... TOTAL Result Count = 2  (2)
----------------------------------------------------------------------------------
--- ERC RULECHECK RESULTS STATISTICS (BY CELL)
---
CELL idc_19 ................................. TOTAL Result Count = 4 (4)
    ERC CHECK ptap_outside_dnw_non_ground ... TOTAL Result Count = 2 (2)
    ERC CHECK pwell_not_to_ground ........... TOTAL Result Count = 2 (2)
CELL p33_CDNS_7791850569015 ................. TOTAL Result Count = 1 (2)
    ERC CHECK nwell_not_to_power ............ TOTAL Result Count = 1 (2)
CELL p33_CDNS_779185056909 .................. TOTAL Result Count = 1 (2)
    ERC CHECK nwell_not_to_power ............ TOTAL Result Count = 1 (2)
CELL p33_CDNS_7791850569010 ................. TOTAL Result Count = 1 (2)
    ERC CHECK nwell_not_to_power ............ TOTAL Result Count = 1 (2)
CELL p33_CDNS_7791850569016 ................. TOTAL Result Count = 1 (2)
    ERC CHECK nwell_not_to_power ............ TOTAL Result Count = 1 (2)
CELL OTA_for_LV_19 .......................... TOTAL Result Count = 2 (2)
    ERC CHECK nwell_not_to_power ............ TOTAL Result Count = 2 (2)
CELL pnp33_CDNS_7791850569023 ............... TOTAL Result Count = 1 (13)
    ERC CHECK ntd_to_ground ................. TOTAL Result Count = 1 (13)
CELL bandgap_reference_19 ................... TOTAL Result Count = 1 (1)
    ERC CHECK ntd_to_ground ................. TOTAL Result Count = 1 (1)
----------------------------------------------------------------------------------
--- ERC PATHCHK RESULTS STATISTICS
---
  PATHCHK POWER && ! GROUND NOFLOAT:
  PATHCHK GROUND && ! POWER NOFLOAT:
  PATHCHK ! LABELED NOFLOAT:
----------------------------------------------------------------------------------
--- SUMMARY
---
TOTAL CPU Time:                              0
TOTAL REAL Time:                             0
TOTAL Original Layer Geometries:             5642 (8679)
TOTAL ERC RuleChecks Executed:               8
TOTAL ERC RuleCheck Results Generated:       12 (28)
TOTAL ERC PATHCHK Operations Executed:       3
